[2026-07-30T02:50:27.812048+00:00] main.ERROR: {"feed":"undefined","operation":"undefined","status":"CDE04-02 Cannot set indexer to Update On Schedule mode for indexer catalogsearch_fulltext. Error: Invalid entity_type specified: catalog_product","elapsed":"00:00:00 386 ms","pid":"3918","caller":"bin\/magento setup:install --base-url=https:\/\/store-mopar-magento-site-v2.ddev.site --db-host=db --db-name=db --db-user=db"} {"exception":"[object] (Magento\\Framework\\Exception\\LocalizedException(code: 0): Invalid entity_type specified: catalog_product at /var/www/html/vendor/magento/module-eav/Model/Config.php:476)"} []
[2026-07-30T02:50:30.648406+00:00] main.INFO: {"feed":"salesOrders","operation":"full reindex(legacy)","status":"Initialize","elapsed":"00:00:00 59 ms","pid":"3918","caller":"bin\/magento setup:install --base-url=https:\/\/store-mopar-magento-site-v2.ddev.site --db-host=db --db-name=db --db-user=db"} [] []
[2026-07-30T02:50:30.677232+00:00] main.INFO: {"feed":"salesOrders","operation":"full reindex(legacy)","status":"Creating batch table `sales_data_exporter_orders_index_batches`. Start position: 0","elapsed":"00:00:00 88 ms","pid":"3918","caller":"bin\/magento setup:install --base-url=https:\/\/store-mopar-magento-site-v2.ddev.site --db-host=db --db-name=db --db-user=db"} [] []
[2026-07-30T02:50:30.694335+00:00] main.INFO: {"feed":"salesOrders","operation":"full reindex(legacy)","status":"Batch table `sales_data_exporter_orders_index_batches` created. Total Items: 0, batches: ~0","elapsed":"00:00:00 105 ms","pid":"3918","caller":"bin\/magento setup:install --base-url=https:\/\/store-mopar-magento-site-v2.ddev.site --db-host=db --db-name=db --db-user=db"} [] []
[2026-07-30T02:50:30.694395+00:00] main.INFO: {"feed":"salesOrders","operation":"full reindex(legacy)","status":"skipping - no items to sync. Are there any items in source table `sales_order`?","elapsed":"00:00:00 105 ms","pid":"3918","caller":"bin\/magento setup:install --base-url=https:\/\/store-mopar-magento-site-v2.ddev.site --db-host=db --db-name=db --db-user=db"} [] []
[2026-07-30T02:50:30.695341+00:00] main.INFO: {"feed":"salesOrders","operation":"full reindex(legacy)","status":"Complete","elapsed":"00:00:00 106 ms","pid":"3918","caller":"bin\/magento setup:install --base-url=https:\/\/store-mopar-magento-site-v2.ddev.site --db-host=db --db-name=db --db-user=db"} [] []
[2026-07-30T02:50:30.697419+00:00] main.INFO: {"feed":"salesOrderStatuses","operation":"full reindex(legacy)","status":"Initialize","elapsed":"00:00:00 157 ms","pid":"3918","caller":"bin\/magento setup:install --base-url=https:\/\/store-mopar-magento-site-v2.ddev.site --db-host=db --db-name=db --db-user=db"} [] []
[2026-07-30T02:50:30.721646+00:00] main.INFO: {"feed":"salesOrderStatuses","operation":"full reindex(legacy)","status":"Creating batch table `sales_data_exporter_order_statuses_index_batches`. Start position: ","elapsed":"00:00:00 181 ms","pid":"3918","caller":"bin\/magento setup:install --base-url=https:\/\/store-mopar-magento-site-v2.ddev.site --db-host=db --db-name=db --db-user=db"} [] []
[2026-07-30T02:50:30.736578+00:00] main.INFO: {"feed":"salesOrderStatuses","operation":"full reindex(legacy)","status":"Batch table `sales_data_exporter_order_statuses_index_batches` created. Total Items: 12, batches: ~0","elapsed":"00:00:00 196 ms","pid":"3918","caller":"bin\/magento setup:install --base-url=https:\/\/store-mopar-magento-site-v2.ddev.site --db-host=db --db-name=db --db-user=db"} [] []
[2026-07-30T02:50:30.736633+00:00] main.INFO: {"feed":"salesOrderStatuses","operation":"full reindex(legacy)","status":"start processing `12` items in `1` threads with `100` batch size","elapsed":"00:00:00 196 ms","pid":"3918","caller":"bin\/magento setup:install --base-url=https:\/\/store-mopar-magento-site-v2.ddev.site --db-host=db --db-name=db --db-user=db"} [] []
[2026-07-30T02:50:30.745914+00:00] main.INFO: {"feed":"salesOrderStatuses","operation":"full reindex(legacy)","status":"Progress 1\/1, processed 12, synced 12","elapsed":"00:00:00 205 ms","pid":"3918","caller":"bin\/magento setup:install --base-url=https:\/\/store-mopar-magento-site-v2.ddev.site --db-host=db --db-name=db --db-user=db"} [] []
[2026-07-30T02:50:30.746139+00:00] main.INFO: {"feed":"salesOrderStatuses","operation":"full reindex(legacy)","status":"Complete","elapsed":"00:00:00 206 ms","pid":"3918","caller":"bin\/magento setup:install --base-url=https:\/\/store-mopar-magento-site-v2.ddev.site --db-host=db --db-name=db --db-user=db"} [] []
[2026-07-30T02:50:30.747591+00:00] main.INFO: {"feed":"stores","operation":"full reindex(legacy)","status":"Initialize","elapsed":"00:00:00 257 ms","pid":"3918","caller":"bin\/magento setup:install --base-url=https:\/\/store-mopar-magento-site-v2.ddev.site --db-host=db --db-name=db --db-user=db"} [] []
[2026-07-30T02:50:30.770610+00:00] main.INFO: {"feed":"stores","operation":"full reindex(legacy)","status":"Creating batch table `stores_data_exporter_index_batches`. Start position: 0","elapsed":"00:00:00 280 ms","pid":"3918","caller":"bin\/magento setup:install --base-url=https:\/\/store-mopar-magento-site-v2.ddev.site --db-host=db --db-name=db --db-user=db"} [] []
[2026-07-30T02:50:30.786661+00:00] main.INFO: {"feed":"stores","operation":"full reindex(legacy)","status":"Batch table `stores_data_exporter_index_batches` created. Total Items: 1, batches: ~0","elapsed":"00:00:00 296 ms","pid":"3918","caller":"bin\/magento setup:install --base-url=https:\/\/store-mopar-magento-site-v2.ddev.site --db-host=db --db-name=db --db-user=db"} [] []
[2026-07-30T02:50:30.786707+00:00] main.INFO: {"feed":"stores","operation":"full reindex(legacy)","status":"start processing `1` items in `1` threads with `100` batch size","elapsed":"00:00:00 296 ms","pid":"3918","caller":"bin\/magento setup:install --base-url=https:\/\/store-mopar-magento-site-v2.ddev.site --db-host=db --db-name=db --db-user=db"} [] []
[2026-07-30T02:50:30.788044+00:00] main.INFO: {"feed":"stores","operation":"full reindex(legacy)","status":"Progress 1\/1, processed 1, synced 1","elapsed":"00:00:00 298 ms","pid":"3918","caller":"bin\/magento setup:install --base-url=https:\/\/store-mopar-magento-site-v2.ddev.site --db-host=db --db-name=db --db-user=db"} [] []
[2026-07-30T02:50:30.788270+00:00] main.INFO: {"feed":"stores","operation":"full reindex(legacy)","status":"Complete","elapsed":"00:00:00 298 ms","pid":"3918","caller":"bin\/magento setup:install --base-url=https:\/\/store-mopar-magento-site-v2.ddev.site --db-host=db --db-name=db --db-user=db"} [] []
[2026-07-30T04:03:36.859129+00:00] main.INFO: {"feed":"salesOrders","operation":"full reindex(legacy)","status":"Initialize","elapsed":"00:00:00 480 ms","pid":"4342","caller":"bin\/magento setup:performance:generate-fixtures generate_50.xml"} [] []
[2026-07-30T04:03:36.904960+00:00] main.INFO: {"feed":"salesOrders","operation":"full reindex(legacy)","status":"Creating batch table `sales_data_exporter_orders_index_batches`. Start position: 0","elapsed":"00:00:00 526 ms","pid":"4342","caller":"bin\/magento setup:performance:generate-fixtures generate_50.xml"} [] []
[2026-07-30T04:03:36.950866+00:00] main.INFO: {"feed":"salesOrders","operation":"full reindex(legacy)","status":"Batch table `sales_data_exporter_orders_index_batches` created. Total Items: 0, batches: ~0","elapsed":"00:00:00 572 ms","pid":"4342","caller":"bin\/magento setup:performance:generate-fixtures generate_50.xml"} [] []
[2026-07-30T04:03:36.950936+00:00] main.INFO: {"feed":"salesOrders","operation":"full reindex(legacy)","status":"skipping - no items to sync. Are there any items in source table `sales_order`?","elapsed":"00:00:00 572 ms","pid":"4342","caller":"bin\/magento setup:performance:generate-fixtures generate_50.xml"} [] []
[2026-07-30T04:03:36.952196+00:00] main.INFO: {"feed":"salesOrders","operation":"full reindex(legacy)","status":"Complete","elapsed":"00:00:00 573 ms","pid":"4342","caller":"bin\/magento setup:performance:generate-fixtures generate_50.xml"} [] []
[2026-07-30T04:03:36.955289+00:00] main.INFO: {"feed":"salesOrderStatuses","operation":"full reindex(legacy)","status":"Initialize","elapsed":"00:00:00 673 ms","pid":"4342","caller":"bin\/magento setup:performance:generate-fixtures generate_50.xml"} [] []
[2026-07-30T04:03:37.013331+00:00] main.INFO: {"feed":"salesOrderStatuses","operation":"full reindex(legacy)","status":"Creating batch table `sales_data_exporter_order_statuses_index_batches`. Start position: ","elapsed":"00:00:00 731 ms","pid":"4342","caller":"bin\/magento setup:performance:generate-fixtures generate_50.xml"} [] []
[2026-07-30T04:03:37.041421+00:00] main.INFO: {"feed":"salesOrderStatuses","operation":"full reindex(legacy)","status":"Batch table `sales_data_exporter_order_statuses_index_batches` created. Total Items: 12, batches: ~0","elapsed":"00:00:00 759 ms","pid":"4342","caller":"bin\/magento setup:performance:generate-fixtures generate_50.xml"} [] []
[2026-07-30T04:03:37.041483+00:00] main.INFO: {"feed":"salesOrderStatuses","operation":"full reindex(legacy)","status":"start processing `12` items in `1` threads with `100` batch size","elapsed":"00:00:00 759 ms","pid":"4342","caller":"bin\/magento setup:performance:generate-fixtures generate_50.xml"} [] []
[2026-07-30T04:03:37.054124+00:00] main.INFO: {"feed":"salesOrderStatuses","operation":"full reindex(legacy)","status":"Progress 1\/1, processed 12, synced 12","elapsed":"00:00:00 771 ms","pid":"4342","caller":"bin\/magento setup:performance:generate-fixtures generate_50.xml"} [] []
[2026-07-30T04:03:37.054515+00:00] main.INFO: {"feed":"salesOrderStatuses","operation":"full reindex(legacy)","status":"Complete","elapsed":"00:00:00 772 ms","pid":"4342","caller":"bin\/magento setup:performance:generate-fixtures generate_50.xml"} [] []
[2026-07-30T04:03:37.056689+00:00] main.INFO: {"feed":"stores","operation":"full reindex(legacy)","status":"Initialize","elapsed":"00:00:00 875 ms","pid":"4342","caller":"bin\/magento setup:performance:generate-fixtures generate_50.xml"} [] []
[2026-07-30T04:03:37.084563+00:00] main.INFO: {"feed":"stores","operation":"full reindex(legacy)","status":"Creating batch table `stores_data_exporter_index_batches`. Start position: 0","elapsed":"00:00:00 903 ms","pid":"4342","caller":"bin\/magento setup:performance:generate-fixtures generate_50.xml"} [] []
[2026-07-30T04:03:37.107187+00:00] main.INFO: {"feed":"stores","operation":"full reindex(legacy)","status":"Batch table `stores_data_exporter_index_batches` created. Total Items: 1, batches: ~0","elapsed":"00:00:00 926 ms","pid":"4342","caller":"bin\/magento setup:performance:generate-fixtures generate_50.xml"} [] []
[2026-07-30T04:03:37.107238+00:00] main.INFO: {"feed":"stores","operation":"full reindex(legacy)","status":"start processing `1` items in `1` threads with `100` batch size","elapsed":"00:00:00 926 ms","pid":"4342","caller":"bin\/magento setup:performance:generate-fixtures generate_50.xml"} [] []
[2026-07-30T04:03:37.111009+00:00] main.INFO: {"feed":"stores","operation":"full reindex(legacy)","status":"Progress 1\/1, processed 1, synced 1","elapsed":"00:00:00 930 ms","pid":"4342","caller":"bin\/magento setup:performance:generate-fixtures generate_50.xml"} [] []
[2026-07-30T04:03:37.111328+00:00] main.INFO: {"feed":"stores","operation":"full reindex(legacy)","status":"Complete","elapsed":"00:00:00 930 ms","pid":"4342","caller":"bin\/magento setup:performance:generate-fixtures generate_50.xml"} [] []
[2026-07-30T04:03:51.940025+00:00] main.INFO: {"feed":"salesOrders","operation":"full reindex(legacy)","status":"Initialize","elapsed":"00:00:00 642 ms","pid":"4358","caller":"bin\/magento indexer:reindex"} [] []
[2026-07-30T04:03:51.967016+00:00] main.INFO: {"feed":"salesOrders","operation":"full reindex(legacy)","status":"Creating batch table `sales_data_exporter_orders_index_batches`. Start position: 0","elapsed":"00:00:00 669 ms","pid":"4358","caller":"bin\/magento indexer:reindex"} [] []
[2026-07-30T04:03:51.989234+00:00] main.INFO: {"feed":"salesOrders","operation":"full reindex(legacy)","status":"Batch table `sales_data_exporter_orders_index_batches` created. Total Items: 0, batches: ~0","elapsed":"00:00:00 691 ms","pid":"4358","caller":"bin\/magento indexer:reindex"} [] []
[2026-07-30T04:03:51.989297+00:00] main.INFO: {"feed":"salesOrders","operation":"full reindex(legacy)","status":"skipping - no items to sync. Are there any items in source table `sales_order`?","elapsed":"00:00:00 691 ms","pid":"4358","caller":"bin\/magento indexer:reindex"} [] []
[2026-07-30T04:03:51.989956+00:00] main.INFO: {"feed":"salesOrders","operation":"full reindex(legacy)","status":"Complete","elapsed":"00:00:00 692 ms","pid":"4358","caller":"bin\/magento indexer:reindex"} [] []
[2026-07-30T04:03:51.991940+00:00] main.INFO: {"feed":"salesOrderStatuses","operation":"full reindex(legacy)","status":"Initialize","elapsed":"00:00:00 746 ms","pid":"4358","caller":"bin\/magento indexer:reindex"} [] []
[2026-07-30T04:03:52.019428+00:00] main.INFO: {"feed":"salesOrderStatuses","operation":"full reindex(legacy)","status":"Creating batch table `sales_data_exporter_order_statuses_index_batches`. Start position: ","elapsed":"00:00:00 773 ms","pid":"4358","caller":"bin\/magento indexer:reindex"} [] []
[2026-07-30T04:03:52.041733+00:00] main.INFO: {"feed":"salesOrderStatuses","operation":"full reindex(legacy)","status":"Batch table `sales_data_exporter_order_statuses_index_batches` created. Total Items: 12, batches: ~0","elapsed":"00:00:00 796 ms","pid":"4358","caller":"bin\/magento indexer:reindex"} [] []
[2026-07-30T04:03:52.041802+00:00] main.INFO: {"feed":"salesOrderStatuses","operation":"full reindex(legacy)","status":"start processing `12` items in `1` threads with `100` batch size","elapsed":"00:00:00 796 ms","pid":"4358","caller":"bin\/magento indexer:reindex"} [] []
[2026-07-30T04:03:52.044545+00:00] main.INFO: {"feed":"salesOrderStatuses","operation":"full reindex(legacy)","status":"Progress 1\/1, processed 12, synced 12","elapsed":"00:00:00 799 ms","pid":"4358","caller":"bin\/magento indexer:reindex"} [] []
[2026-07-30T04:03:52.044863+00:00] main.INFO: {"feed":"salesOrderStatuses","operation":"full reindex(legacy)","status":"Complete","elapsed":"00:00:00 799 ms","pid":"4358","caller":"bin\/magento indexer:reindex"} [] []
[2026-07-30T04:03:52.046916+00:00] main.INFO: {"feed":"stores","operation":"full reindex(legacy)","status":"Initialize","elapsed":"00:00:00 856 ms","pid":"4358","caller":"bin\/magento indexer:reindex"} [] []
[2026-07-30T04:03:52.074023+00:00] main.INFO: {"feed":"stores","operation":"full reindex(legacy)","status":"Creating batch table `stores_data_exporter_index_batches`. Start position: 0","elapsed":"00:00:00 883 ms","pid":"4358","caller":"bin\/magento indexer:reindex"} [] []
[2026-07-30T04:03:52.094216+00:00] main.INFO: {"feed":"stores","operation":"full reindex(legacy)","status":"Batch table `stores_data_exporter_index_batches` created. Total Items: 1, batches: ~0","elapsed":"00:00:00 903 ms","pid":"4358","caller":"bin\/magento indexer:reindex"} [] []
[2026-07-30T04:03:52.094299+00:00] main.INFO: {"feed":"stores","operation":"full reindex(legacy)","status":"start processing `1` items in `1` threads with `100` batch size","elapsed":"00:00:00 903 ms","pid":"4358","caller":"bin\/magento indexer:reindex"} [] []
[2026-07-30T04:03:52.095292+00:00] main.INFO: {"feed":"stores","operation":"full reindex(legacy)","status":"Progress 1\/1, processed 1, synced 1","elapsed":"00:00:00 904 ms","pid":"4358","caller":"bin\/magento indexer:reindex"} [] []
[2026-07-30T04:03:52.095533+00:00] main.INFO: {"feed":"stores","operation":"full reindex(legacy)","status":"Complete","elapsed":"00:00:00 905 ms","pid":"4358","caller":"bin\/magento indexer:reindex"} [] []
[2026-07-30T04:05:32.672884+00:00] main.INFO: {"feed":"salesOrders","operation":"full reindex(legacy)","status":"Initialize","elapsed":"00:00:00 108 ms","pid":"4420","caller":"bin\/magento indexer:reindex"} [] []
[2026-07-30T04:05:32.707470+00:00] main.INFO: {"feed":"salesOrders","operation":"full reindex(legacy)","status":"Creating batch table `sales_data_exporter_orders_index_batches`. Start position: 0","elapsed":"00:00:00 142 ms","pid":"4420","caller":"bin\/magento indexer:reindex"} [] []
[2026-07-30T04:05:32.736117+00:00] main.INFO: {"feed":"salesOrders","operation":"full reindex(legacy)","status":"Batch table `sales_data_exporter_orders_index_batches` created. Total Items: 0, batches: ~0","elapsed":"00:00:00 171 ms","pid":"4420","caller":"bin\/magento indexer:reindex"} [] []
[2026-07-30T04:05:32.736172+00:00] main.INFO: {"feed":"salesOrders","operation":"full reindex(legacy)","status":"skipping - no items to sync. Are there any items in source table `sales_order`?","elapsed":"00:00:00 171 ms","pid":"4420","caller":"bin\/magento indexer:reindex"} [] []
[2026-07-30T04:05:32.737234+00:00] main.INFO: {"feed":"salesOrders","operation":"full reindex(legacy)","status":"Complete","elapsed":"00:00:00 172 ms","pid":"4420","caller":"bin\/magento indexer:reindex"} [] []
[2026-07-30T04:05:32.740309+00:00] main.INFO: {"feed":"salesOrderStatuses","operation":"full reindex(legacy)","status":"Initialize","elapsed":"00:00:00 243 ms","pid":"4420","caller":"bin\/magento indexer:reindex"} [] []
[2026-07-30T04:05:32.771607+00:00] main.INFO: {"feed":"salesOrderStatuses","operation":"full reindex(legacy)","status":"Creating batch table `sales_data_exporter_order_statuses_index_batches`. Start position: ","elapsed":"00:00:00 274 ms","pid":"4420","caller":"bin\/magento indexer:reindex"} [] []
[2026-07-30T04:05:32.795857+00:00] main.INFO: {"feed":"salesOrderStatuses","operation":"full reindex(legacy)","status":"Batch table `sales_data_exporter_order_statuses_index_batches` created. Total Items: 12, batches: ~0","elapsed":"00:00:00 298 ms","pid":"4420","caller":"bin\/magento indexer:reindex"} [] []
[2026-07-30T04:05:32.795937+00:00] main.INFO: {"feed":"salesOrderStatuses","operation":"full reindex(legacy)","status":"start processing `12` items in `1` threads with `100` batch size","elapsed":"00:00:00 298 ms","pid":"4420","caller":"bin\/magento indexer:reindex"} [] []
[2026-07-30T04:05:32.804863+00:00] main.INFO: {"feed":"salesOrderStatuses","operation":"full reindex(legacy)","status":"Progress 1\/1, processed 12, synced 12","elapsed":"00:00:00 307 ms","pid":"4420","caller":"bin\/magento indexer:reindex"} [] []
[2026-07-30T04:05:32.805165+00:00] main.INFO: {"feed":"salesOrderStatuses","operation":"full reindex(legacy)","status":"Complete","elapsed":"00:00:00 308 ms","pid":"4420","caller":"bin\/magento indexer:reindex"} [] []
[2026-07-30T04:05:32.807170+00:00] main.INFO: {"feed":"stores","operation":"full reindex(legacy)","status":"Initialize","elapsed":"00:00:00 376 ms","pid":"4420","caller":"bin\/magento indexer:reindex"} [] []
[2026-07-30T04:05:32.843021+00:00] main.INFO: {"feed":"stores","operation":"full reindex(legacy)","status":"Creating batch table `stores_data_exporter_index_batches`. Start position: 0","elapsed":"00:00:00 412 ms","pid":"4420","caller":"bin\/magento indexer:reindex"} [] []
[2026-07-30T04:05:32.860963+00:00] main.INFO: {"feed":"stores","operation":"full reindex(legacy)","status":"Batch table `stores_data_exporter_index_batches` created. Total Items: 1, batches: ~0","elapsed":"00:00:00 430 ms","pid":"4420","caller":"bin\/magento indexer:reindex"} [] []
[2026-07-30T04:05:32.861026+00:00] main.INFO: {"feed":"stores","operation":"full reindex(legacy)","status":"start processing `1` items in `1` threads with `100` batch size","elapsed":"00:00:00 430 ms","pid":"4420","caller":"bin\/magento indexer:reindex"} [] []
[2026-07-30T04:05:32.864198+00:00] main.INFO: {"feed":"stores","operation":"full reindex(legacy)","status":"Progress 1\/1, processed 1, synced 1","elapsed":"00:00:00 433 ms","pid":"4420","caller":"bin\/magento indexer:reindex"} [] []
[2026-07-30T04:05:32.864448+00:00] main.INFO: {"feed":"stores","operation":"full reindex(legacy)","status":"Complete","elapsed":"00:00:00 434 ms","pid":"4420","caller":"bin\/magento indexer:reindex"} [] []
[2026-07-30T04:14:04.537267+00:00] main.INFO: {"feed":"salesOrders","operation":"full reindex(legacy)","status":"Initialize","elapsed":"837 ms","pid":"4647","caller":"bin\/magento setup:upgrade"} [] []
[2026-07-30T04:14:04.586510+00:00] main.INFO: {"feed":"salesOrders","operation":"full reindex(legacy)","status":"Creating batch table `sales_data_exporter_orders_index_batches`. Start position: 0","elapsed":"886 ms","pid":"4647","caller":"bin\/magento setup:upgrade"} [] []
[2026-07-30T04:14:04.605978+00:00] main.INFO: {"feed":"salesOrders","operation":"full reindex(legacy)","status":"Batch table `sales_data_exporter_orders_index_batches` created. Total Items: 2, batches: ~0","elapsed":"905 ms","pid":"4647","caller":"bin\/magento setup:upgrade"} [] []
[2026-07-30T04:14:04.606051+00:00] main.INFO: {"feed":"salesOrders","operation":"full reindex(legacy)","status":"start processing `2` items in `1` threads with `100` batch size","elapsed":"905 ms","pid":"4647","caller":"bin\/magento setup:upgrade"} [] []
[2026-07-30T04:14:04.623081+00:00] main.INFO: {"feed":"salesOrders","operation":"full reindex(legacy)","status":"Progress 1\/1, processed 2, synced 0","elapsed":"922 ms","pid":"4647","caller":"bin\/magento setup:upgrade"} [] []
[2026-07-30T04:14:04.623720+00:00] main.INFO: {"feed":"salesOrders","operation":"full reindex(legacy)","status":"Complete","elapsed":"923 ms","pid":"4647","caller":"bin\/magento setup:upgrade"} [] []
[2026-07-30T04:14:04.627334+00:00] main.INFO: {"feed":"salesOrderStatuses","operation":"full reindex(legacy)","status":"Initialize","elapsed":"00:00:00 17 ms","pid":"4647","caller":"bin\/magento setup:upgrade"} [] []
[2026-07-30T04:14:04.675526+00:00] main.INFO: {"feed":"salesOrderStatuses","operation":"full reindex(legacy)","status":"Creating batch table `sales_data_exporter_order_statuses_index_batches`. Start position: ","elapsed":"00:00:00 65 ms","pid":"4647","caller":"bin\/magento setup:upgrade"} [] []
[2026-07-30T04:14:04.702558+00:00] main.INFO: {"feed":"salesOrderStatuses","operation":"full reindex(legacy)","status":"Batch table `sales_data_exporter_order_statuses_index_batches` created. Total Items: 12, batches: ~0","elapsed":"00:00:00 92 ms","pid":"4647","caller":"bin\/magento setup:upgrade"} [] []
[2026-07-30T04:14:04.702619+00:00] main.INFO: {"feed":"salesOrderStatuses","operation":"full reindex(legacy)","status":"start processing `12` items in `1` threads with `100` batch size","elapsed":"00:00:00 92 ms","pid":"4647","caller":"bin\/magento setup:upgrade"} [] []
[2026-07-30T04:14:04.708223+00:00] main.INFO: {"feed":"salesOrderStatuses","operation":"full reindex(legacy)","status":"Progress 1\/1, processed 12, synced 12","elapsed":"00:00:00 98 ms","pid":"4647","caller":"bin\/magento setup:upgrade"} [] []
[2026-07-30T04:14:04.708505+00:00] main.INFO: {"feed":"salesOrderStatuses","operation":"full reindex(legacy)","status":"Complete","elapsed":"00:00:00 98 ms","pid":"4647","caller":"bin\/magento setup:upgrade"} [] []
[2026-07-30T04:14:04.710387+00:00] main.INFO: {"feed":"stores","operation":"full reindex(legacy)","status":"Initialize","elapsed":"00:00:00 183 ms","pid":"4647","caller":"bin\/magento setup:upgrade"} [] []
[2026-07-30T04:14:04.737216+00:00] main.INFO: {"feed":"stores","operation":"full reindex(legacy)","status":"Creating batch table `stores_data_exporter_index_batches`. Start position: 0","elapsed":"00:00:00 210 ms","pid":"4647","caller":"bin\/magento setup:upgrade"} [] []
[2026-07-30T04:14:04.756809+00:00] main.INFO: {"feed":"stores","operation":"full reindex(legacy)","status":"Batch table `stores_data_exporter_index_batches` created. Total Items: 1, batches: ~0","elapsed":"00:00:00 229 ms","pid":"4647","caller":"bin\/magento setup:upgrade"} [] []
[2026-07-30T04:14:04.756892+00:00] main.INFO: {"feed":"stores","operation":"full reindex(legacy)","status":"start processing `1` items in `1` threads with `100` batch size","elapsed":"00:00:00 229 ms","pid":"4647","caller":"bin\/magento setup:upgrade"} [] []
[2026-07-30T04:14:04.761290+00:00] main.INFO: {"feed":"stores","operation":"full reindex(legacy)","status":"Progress 1\/1, processed 1, synced 1","elapsed":"00:00:00 234 ms","pid":"4647","caller":"bin\/magento setup:upgrade"} [] []
[2026-07-30T04:14:04.761550+00:00] main.INFO: {"feed":"stores","operation":"full reindex(legacy)","status":"Complete","elapsed":"00:00:00 234 ms","pid":"4647","caller":"bin\/magento setup:upgrade"} [] []
[2026-07-30T04:14:16.575988+00:00] main.INFO: {"feed":"salesOrders","operation":"full reindex(legacy)","status":"Initialize","elapsed":"914 ms","pid":"4675","caller":"bin\/magento indexer:reindex"} [] []
[2026-07-30T04:14:16.602704+00:00] main.INFO: {"feed":"salesOrders","operation":"full reindex(legacy)","status":"Creating batch table `sales_data_exporter_orders_index_batches`. Start position: 0","elapsed":"941 ms","pid":"4675","caller":"bin\/magento indexer:reindex"} [] []
[2026-07-30T04:14:16.622519+00:00] main.INFO: {"feed":"salesOrders","operation":"full reindex(legacy)","status":"Batch table `sales_data_exporter_orders_index_batches` created. Total Items: 2, batches: ~0","elapsed":"961 ms","pid":"4675","caller":"bin\/magento indexer:reindex"} [] []
[2026-07-30T04:14:16.622592+00:00] main.INFO: {"feed":"salesOrders","operation":"full reindex(legacy)","status":"start processing `2` items in `1` threads with `100` batch size","elapsed":"961 ms","pid":"4675","caller":"bin\/magento indexer:reindex"} [] []
[2026-07-30T04:14:16.625423+00:00] main.INFO: {"feed":"salesOrders","operation":"full reindex(legacy)","status":"Progress 1\/1, processed 2, synced 0","elapsed":"963 ms","pid":"4675","caller":"bin\/magento indexer:reindex"} [] []
[2026-07-30T04:14:16.625726+00:00] main.INFO: {"feed":"salesOrders","operation":"full reindex(legacy)","status":"Complete","elapsed":"964 ms","pid":"4675","caller":"bin\/magento indexer:reindex"} [] []
[2026-07-30T04:14:16.628039+00:00] main.INFO: {"feed":"salesOrderStatuses","operation":"full reindex(legacy)","status":"Initialize","elapsed":"00:00:00 18 ms","pid":"4675","caller":"bin\/magento indexer:reindex"} [] []
[2026-07-30T04:14:16.658498+00:00] main.INFO: {"feed":"salesOrderStatuses","operation":"full reindex(legacy)","status":"Creating batch table `sales_data_exporter_order_statuses_index_batches`. Start position: ","elapsed":"00:00:00 49 ms","pid":"4675","caller":"bin\/magento indexer:reindex"} [] []
[2026-07-30T04:14:16.680761+00:00] main.INFO: {"feed":"salesOrderStatuses","operation":"full reindex(legacy)","status":"Batch table `sales_data_exporter_order_statuses_index_batches` created. Total Items: 12, batches: ~0","elapsed":"00:00:00 71 ms","pid":"4675","caller":"bin\/magento indexer:reindex"} [] []
[2026-07-30T04:14:16.680845+00:00] main.INFO: {"feed":"salesOrderStatuses","operation":"full reindex(legacy)","status":"start processing `12` items in `1` threads with `100` batch size","elapsed":"00:00:00 71 ms","pid":"4675","caller":"bin\/magento indexer:reindex"} [] []
[2026-07-30T04:14:16.682011+00:00] main.INFO: {"feed":"salesOrderStatuses","operation":"full reindex(legacy)","status":"Progress 1\/1, processed 12, synced 12","elapsed":"00:00:00 72 ms","pid":"4675","caller":"bin\/magento indexer:reindex"} [] []
[2026-07-30T04:14:16.682274+00:00] main.INFO: {"feed":"salesOrderStatuses","operation":"full reindex(legacy)","status":"Complete","elapsed":"00:00:00 72 ms","pid":"4675","caller":"bin\/magento indexer:reindex"} [] []
[2026-07-30T04:14:16.684406+00:00] main.INFO: {"feed":"stores","operation":"full reindex(legacy)","status":"Initialize","elapsed":"00:00:00 131 ms","pid":"4675","caller":"bin\/magento indexer:reindex"} [] []
[2026-07-30T04:14:16.711492+00:00] main.INFO: {"feed":"stores","operation":"full reindex(legacy)","status":"Creating batch table `stores_data_exporter_index_batches`. Start position: 0","elapsed":"00:00:00 158 ms","pid":"4675","caller":"bin\/magento indexer:reindex"} [] []
[2026-07-30T04:14:16.731729+00:00] main.INFO: {"feed":"stores","operation":"full reindex(legacy)","status":"Batch table `stores_data_exporter_index_batches` created. Total Items: 1, batches: ~0","elapsed":"00:00:00 178 ms","pid":"4675","caller":"bin\/magento indexer:reindex"} [] []
[2026-07-30T04:14:16.731787+00:00] main.INFO: {"feed":"stores","operation":"full reindex(legacy)","status":"start processing `1` items in `1` threads with `100` batch size","elapsed":"00:00:00 178 ms","pid":"4675","caller":"bin\/magento indexer:reindex"} [] []
[2026-07-30T04:14:16.732778+00:00] main.INFO: {"feed":"stores","operation":"full reindex(legacy)","status":"Progress 1\/1, processed 1, synced 1","elapsed":"00:00:00 179 ms","pid":"4675","caller":"bin\/magento indexer:reindex"} [] []
[2026-07-30T04:14:16.733070+00:00] main.INFO: {"feed":"stores","operation":"full reindex(legacy)","status":"Complete","elapsed":"00:00:00 180 ms","pid":"4675","caller":"bin\/magento indexer:reindex"} [] []
[2026-07-30T04:16:09.192186+00:00] main.INFO: {"feed":"salesOrders","operation":"full reindex(legacy)","status":"Initialize","elapsed":"146 ms","pid":"4738","caller":"bin\/magento indexer:reindex"} [] []
[2026-07-30T04:16:09.259858+00:00] main.INFO: {"feed":"salesOrders","operation":"full reindex(legacy)","status":"Creating batch table `sales_data_exporter_orders_index_batches`. Start position: 0","elapsed":"214 ms","pid":"4738","caller":"bin\/magento indexer:reindex"} [] []
[2026-07-30T04:16:09.286066+00:00] main.INFO: {"feed":"salesOrders","operation":"full reindex(legacy)","status":"Batch table `sales_data_exporter_orders_index_batches` created. Total Items: 2, batches: ~0","elapsed":"240 ms","pid":"4738","caller":"bin\/magento indexer:reindex"} [] []
[2026-07-30T04:16:09.286164+00:00] main.INFO: {"feed":"salesOrders","operation":"full reindex(legacy)","status":"start processing `2` items in `1` threads with `100` batch size","elapsed":"240 ms","pid":"4738","caller":"bin\/magento indexer:reindex"} [] []
[2026-07-30T04:16:09.309203+00:00] main.INFO: {"feed":"salesOrders","operation":"full reindex(legacy)","status":"Progress 1\/1, processed 2, synced 0","elapsed":"263 ms","pid":"4738","caller":"bin\/magento indexer:reindex"} [] []
[2026-07-30T04:16:09.309653+00:00] main.INFO: {"feed":"salesOrders","operation":"full reindex(legacy)","status":"Complete","elapsed":"264 ms","pid":"4738","caller":"bin\/magento indexer:reindex"} [] []
[2026-07-30T04:16:09.312892+00:00] main.INFO: {"feed":"salesOrderStatuses","operation":"full reindex(legacy)","status":"Initialize","elapsed":"388 ms","pid":"4738","caller":"bin\/magento indexer:reindex"} [] []
[2026-07-30T04:16:09.355798+00:00] main.INFO: {"feed":"salesOrderStatuses","operation":"full reindex(legacy)","status":"Creating batch table `sales_data_exporter_order_statuses_index_batches`. Start position: ","elapsed":"431 ms","pid":"4738","caller":"bin\/magento indexer:reindex"} [] []
[2026-07-30T04:16:09.382997+00:00] main.INFO: {"feed":"salesOrderStatuses","operation":"full reindex(legacy)","status":"Batch table `sales_data_exporter_order_statuses_index_batches` created. Total Items: 12, batches: ~0","elapsed":"458 ms","pid":"4738","caller":"bin\/magento indexer:reindex"} [] []
[2026-07-30T04:16:09.383057+00:00] main.INFO: {"feed":"salesOrderStatuses","operation":"full reindex(legacy)","status":"start processing `12` items in `1` threads with `100` batch size","elapsed":"458 ms","pid":"4738","caller":"bin\/magento indexer:reindex"} [] []
[2026-07-30T04:16:09.384727+00:00] main.INFO: {"feed":"salesOrderStatuses","operation":"full reindex(legacy)","status":"Progress 1\/1, processed 12, synced 12","elapsed":"460 ms","pid":"4738","caller":"bin\/magento indexer:reindex"} [] []
[2026-07-30T04:16:09.385040+00:00] main.INFO: {"feed":"salesOrderStatuses","operation":"full reindex(legacy)","status":"Complete","elapsed":"460 ms","pid":"4738","caller":"bin\/magento indexer:reindex"} [] []
[2026-07-30T04:16:09.387254+00:00] main.INFO: {"feed":"stores","operation":"full reindex(legacy)","status":"Initialize","elapsed":"537 ms","pid":"4738","caller":"bin\/magento indexer:reindex"} [] []
[2026-07-30T04:16:09.419546+00:00] main.INFO: {"feed":"stores","operation":"full reindex(legacy)","status":"Creating batch table `stores_data_exporter_index_batches`. Start position: 0","elapsed":"569 ms","pid":"4738","caller":"bin\/magento indexer:reindex"} [] []
[2026-07-30T04:16:09.439620+00:00] main.INFO: {"feed":"stores","operation":"full reindex(legacy)","status":"Batch table `stores_data_exporter_index_batches` created. Total Items: 1, batches: ~0","elapsed":"589 ms","pid":"4738","caller":"bin\/magento indexer:reindex"} [] []
[2026-07-30T04:16:09.439698+00:00] main.INFO: {"feed":"stores","operation":"full reindex(legacy)","status":"start processing `1` items in `1` threads with `100` batch size","elapsed":"589 ms","pid":"4738","caller":"bin\/magento indexer:reindex"} [] []
[2026-07-30T04:16:09.442959+00:00] main.INFO: {"feed":"stores","operation":"full reindex(legacy)","status":"Progress 1\/1, processed 1, synced 1","elapsed":"592 ms","pid":"4738","caller":"bin\/magento indexer:reindex"} [] []
[2026-07-30T04:16:09.443326+00:00] main.INFO: {"feed":"stores","operation":"full reindex(legacy)","status":"Complete","elapsed":"593 ms","pid":"4738","caller":"bin\/magento indexer:reindex"} [] []
